// Jest Snapshot v1, https://goo.gl/fbAQLP

exports[`populateHearing should transform SPI Hearing to Hearing Outcome Hearing 1`] = `
Object {
  "CourtHearingLocation": Object {
    "BottomLevelCode": "01",
    "OrganisationUnitCode": "B01EF01",
    "SecondLevelCode": "01",
    "ThirdLevelCode": "EF",
    "TopLevelCode": "B",
  },
  "CourtHouseCode": 2576,
  "DateOfHearing": 2011-09-26T00:00:00.000Z,
  "DefendantPresentAtHearing": "A",
  "HearingDocumentationLanguage": "D",
  "HearingLanguage": "D",
  "SourceReference": Object {
    "DocumentName": "SPI TRPRFOUR SEXOFFENCE",
    "DocumentType": "SPI Case Result",
    "UniqueID": "DUMMY_MESSAGE_ID",
  },
  "TimeOfHearing": "10:00",
}
`;
