// Jest Snapshot v1, https://goo.gl/fbAQLP

exports[`populateDefendant should transform SPI Defendant to Hearing Outcome Defendant for individual defendant 1`] = `
Object {
  "Address": Object {
    "AddressLine1": "Scenario1 Address Line 1",
    "AddressLine2": "Scenario1 Address Line 2",
    "AddressLine3": "Scenario1 Address Line 3",
    "AddressLine4": undefined,
    "AddressLine5": undefined,
  },
  "ArrestSummonsNumber": "1101ZD0100000448754K",
  "BailConditions": Array [],
  "CourtPNCIdentifier": undefined,
  "DefendantDetail": Object {
    "BirthDate": "1948-11-11",
    "Gender": "1",
    "PersonName": Object {
      "FamilyName": "SEXOFFENCE",
      "GivenName": Array [
        "TRPRFOUR",
      ],
      "Title": "Mr",
    },
  },
  "ReasonForBailConditions": undefined,
  "RemandStatus": "U: RemandStatus <- BailStatus ?",
}
`;
