// Jest Snapshot v1, https://goo.gl/fbAQLP

exports[`parseAnnotatedPNCUpdateDatasetXml converts XML to AnnotatedPNCUpdateDatasetXml 1`] = `
Object {
  "AnnotatedPNCUpdateDataset": Object {
    "PNCUpdateDataset": Object {
      "AnnotatedHearingOutcome": Object {
        "HearingOutcome": Object {
          "Case": Object {
            "CourtCaseReferenceNumber": "97/1626/008395Q",
            "CourtReference": Object {
              "MagistratesCourtReference": "01ZD0304208",
            },
            "ForceOwner": Object {
              "BottomLevelCode": "00",
              "OrganisationUnitCode": "01ZD00",
              "SecondLevelCode": "01",
              "ThirdLevelCode": "ZD",
              "TopLevelCode": undefined,
            },
            "HearingDefendant": Object {
              "Address": Object {
                "AddressLine1": "Scenario1 Address Line 1",
                "AddressLine2": "Scenario1 Address Line 2",
                "AddressLine3": "Scenario1 Address Line 3",
                "AddressLine4": undefined,
                "AddressLine5": undefined,
              },
              "ArrestSummonsNumber": "1101ZD0100000410770Y",
              "BailConditions": Array [],
              "CourtPNCIdentifier": undefined,
              "DefendantDetail": Object {
                "BirthDate": 1948-11-11T00:00:00.000Z,
                "Gender": 1,
                "GeneratedPNCFilename": "TRTHREE/TRPSTWO",
                "PersonName": Object {
                  "FamilyName": "TRTHREE",
                  "GivenName": Array [
                    "TRPSTWO",
                  ],
                  "Title": "Mr",
                },
              },
              "Offence": Array [
                Object {
                  "ActualOffenceDateCode": "1",
                  "ActualOffenceEndDate": undefined,
                  "ActualOffenceStartDate": Object {
                    "StartDate": 2010-11-28T00:00:00.000Z,
                  },
                  "ActualOffenceWording": "Theft of pedal cycle.",
                  "AddedByTheCourt": undefined,
                  "AlcoholLevel": undefined,
                  "ArrestDate": 2010-12-01T00:00:00.000Z,
                  "ChargeDate": 2010-12-02T00:00:00.000Z,
                  "CommittedOnBail": "D",
                  "ConvictionDate": 2011-09-26T00:00:00.000Z,
                  "CourtCaseReferenceNumber": undefined,
                  "CourtOffenceSequenceNumber": 1,
                  "CriminalProsecutionReference": Object {
                    "DefendantOrOffender": Object {
                      "CheckDigit": "Y",
                      "DefendantOrOffenderSequenceNumber": "00000410770",
                      "OrganisationUnitIdentifierCode": Object {
                        "BottomLevelCode": "01",
                        "OrganisationUnitCode": "01ZD01",
                        "SecondLevelCode": "01",
                        "ThirdLevelCode": "ZD",
                        "TopLevelCode": undefined,
                      },
                      "Year": "11",
                    },
                    "OffenceReason": Object {
                      "OffenceCode": Object {
                        "ActOrSource": "TH",
                        "FullCode": "TH68006",
                        "Qualifier": undefined,
                        "Reason": "006",
                        "Year": "68",
                        "__type": "NonMatchingOffenceCode",
                      },
                      "__type": "NationalOffenceReason",
                    },
                    "OffenceReasonSequence": "001",
                  },
                  "HomeOfficeClassification": "044/00",
                  "LocationOfOffence": "Kingston High Street",
                  "ManualCourtCaseReference": undefined,
                  "ManualSequenceNumber": undefined,
                  "NotifiableToHOindicator": true,
                  "OffenceCategory": "CE",
                  "OffenceTitle": "Theft of pedal cycle",
                  "RecordableOnPNCindicator": true,
                  "Result": Array [
                    Object {
                      "AmountSpecifiedInResult": Array [
                        Object {
                          "Amount": 100,
                          "DecimalPlaces": 2,
                          "Type": "Fine",
                        },
                      ],
                      "BailCondition": Array [],
                      "CJSresultCode": 1015,
                      "ConvictingCourt": undefined,
                      "CourtType": "MCA",
                      "DateSpecifiedInResult": undefined,
                      "Duration": Array [],
                      "ModeOfTrialReason": "SUM",
                      "NextCourtType": undefined,
                      "NextHearingDate": undefined,
                      "NextHearingTime": undefined,
                      "NextResultSourceOrganisation": undefined,
                      "NumberOfOffencesTIC": undefined,
                      "NumberSpecifiedInResult": undefined,
                      "OffenceRemandStatus": undefined,
                      "PNCAdjudicationExists": false,
                      "PNCDisposalType": 1015,
                      "PleaStatus": "NG",
                      "ReasonForOffenceBailConditions": undefined,
                      "ResultApplicableQualifierCode": Array [],
                      "ResultClass": "Judgement with final result",
                      "ResultHalfLifeHours": 72,
                      "ResultHearingDate": 2011-09-26T00:00:00.000Z,
                      "ResultHearingType": "OTHER",
                      "ResultQualifierVariable": Array [],
                      "ResultVariableText": "Fined 100.",
                      "SourceOrganisation": Object {
                        "BottomLevelCode": "01",
                        "OrganisationUnitCode": "B01EF01",
                        "SecondLevelCode": "01",
                        "ThirdLevelCode": "EF",
                        "TopLevelCode": "B",
                      },
                      "Urgent": undefined,
                      "Verdict": "G",
                      "WarrantIssueDate": undefined,
                    },
                  ],
                },
                Object {
                  "ActualOffenceDateCode": "1",
                  "ActualOffenceEndDate": undefined,
                  "ActualOffenceStartDate": Object {
                    "StartDate": 2010-11-28T00:00:00.000Z,
                  },
                  "ActualOffenceWording": "Use a motor vehicle without third party insurance.",
                  "AddedByTheCourt": undefined,
                  "AlcoholLevel": undefined,
                  "ArrestDate": 2010-12-01T00:00:00.000Z,
                  "ChargeDate": 2010-12-02T00:00:00.000Z,
                  "CommittedOnBail": "D",
                  "ConvictionDate": 2011-09-26T00:00:00.000Z,
                  "CourtCaseReferenceNumber": undefined,
                  "CourtOffenceSequenceNumber": 2,
                  "CriminalProsecutionReference": Object {
                    "DefendantOrOffender": Object {
                      "CheckDigit": "Y",
                      "DefendantOrOffenderSequenceNumber": "00000410770",
                      "OrganisationUnitIdentifierCode": Object {
                        "BottomLevelCode": "01",
                        "OrganisationUnitCode": "01ZD01",
                        "SecondLevelCode": "01",
                        "ThirdLevelCode": "ZD",
                        "TopLevelCode": undefined,
                      },
                      "Year": "11",
                    },
                    "OffenceReason": Object {
                      "OffenceCode": Object {
                        "ActOrSource": "RT",
                        "FullCode": "RT88191",
                        "Qualifier": undefined,
                        "Reason": "191",
                        "Year": "88",
                        "__type": "NonMatchingOffenceCode",
                      },
                      "__type": "NationalOffenceReason",
                    },
                    "OffenceReasonSequence": "002",
                  },
                  "HomeOfficeClassification": "809/01",
                  "LocationOfOffence": "Kingston High Street",
                  "ManualCourtCaseReference": undefined,
                  "ManualSequenceNumber": undefined,
                  "NotifiableToHOindicator": false,
                  "OffenceCategory": "CM",
                  "OffenceTitle": "Use a motor vehicle on a road / public place without third party insurance",
                  "RecordableOnPNCindicator": false,
                  "Result": Array [
                    Object {
                      "AmountSpecifiedInResult": undefined,
                      "BailCondition": Array [],
                      "CJSresultCode": 3107,
                      "ConvictingCourt": undefined,
                      "CourtType": "MCA",
                      "DateSpecifiedInResult": undefined,
                      "Duration": Array [],
                      "ModeOfTrialReason": "SUM",
                      "NextCourtType": undefined,
                      "NextHearingDate": undefined,
                      "NextHearingTime": undefined,
                      "NextResultSourceOrganisation": undefined,
                      "NumberOfOffencesTIC": undefined,
                      "NumberSpecifiedInResult": undefined,
                      "OffenceRemandStatus": undefined,
                      "PNCAdjudicationExists": false,
                      "PNCDisposalType": 3107,
                      "PleaStatus": "NG",
                      "ReasonForOffenceBailConditions": undefined,
                      "ResultApplicableQualifierCode": Array [],
                      "ResultClass": "Judgement with final result",
                      "ResultHalfLifeHours": 72,
                      "ResultHearingDate": 2011-09-26T00:00:00.000Z,
                      "ResultHearingType": "OTHER",
                      "ResultQualifierVariable": Array [],
                      "ResultVariableText": "DEFENDANT MUST LIVE AT OUR HOUSE IN THE MIDDLE OF OUR STREET",
                      "SourceOrganisation": Object {
                        "BottomLevelCode": "01",
                        "OrganisationUnitCode": "B01EF01",
                        "SecondLevelCode": "01",
                        "ThirdLevelCode": "EF",
                        "TopLevelCode": "B",
                      },
                      "Urgent": undefined,
                      "Verdict": "G",
                      "WarrantIssueDate": undefined,
                    },
                  ],
                },
              ],
              "OrganisationName": undefined,
              "PNCCheckname": "TRTHREE",
              "PNCIdentifier": "2000/0410770Y",
              "ReasonForBailConditions": undefined,
              "RemandStatus": "UB",
            },
            "ManualForceOwner": undefined,
            "PTIURN": "01ZD0304208",
            "PenaltyNoticeCaseReferenceNumber": undefined,
            "PreChargeDecisionIndicator": false,
            "RecordableOnPNCindicator": true,
            "Urgent": undefined,
          },
          "Hearing": Object {
            "CourtHearingLocation": Object {
              "BottomLevelCode": "01",
              "OrganisationUnitCode": "B01EF01",
              "SecondLevelCode": "01",
              "ThirdLevelCode": "EF",
              "TopLevelCode": "B",
            },
            "CourtHouseCode": 2576,
            "CourtHouseName": "Magistrates' Courts London Croydon",
            "CourtType": "MCA",
            "DateOfHearing": 2011-09-26T00:00:00.000Z,
            "DefendantPresentAtHearing": "Y",
            "HearingDocumentationLanguage": "D",
            "HearingLanguage": "D",
            "SourceReference": Object {
              "DocumentName": "SPI TRPSTWO TRTHREE",
              "DocumentType": "SPI Case Result",
              "UniqueID": "CID-060ddbaa-cd00-48cd-91b8-fb9562be2196",
            },
            "TimeOfHearing": "10:00",
          },
        },
      },
    },
  },
}
`;
