// Jest Snapshot v1, https://goo.gl/fbAQLP

exports[`enrichWithQuery() should enrich AHO with results from PNC query 1`] = `
Object {
  "cases": Array [
    Object {
      "courtCaseReference": "01ZD0303908",
      "offences": Array [
        Object {
          "offence": Object {
            "acpoOffenceCode": "12:15:24:1",
            "cjsOffenceCode": "BG73005",
            "sequenceNumber": 1,
            "startDate": 2010-11-28T00:00:00.000Z,
            "title": "POSSESSING PART OF DEAD BADGER",
          },
        },
        Object {
          "offence": Object {
            "acpoOffenceCode": "12:15:24:1",
            "cjsOffenceCode": "BG73006",
            "sequenceNumber": 2,
            "startDate": 2010-11-28T00:00:00.000Z,
            "title": "POSSESSING THING DERIVED FROM DEAD BADGER",
          },
        },
      ],
    },
  ],
  "checkName": "TRTHREE",
  "forceStationCode": "01Z",
  "pncId": "2000/448754K",
}
`;
